// Jest Snapshot v1, https://goo.gl/fbAQLP

exports[`Pruebas en GifItem Debe de hacer match con el snapshot 1`] = `
<div>
  <div
    class="card"
  >
    <img
      alt="elKing"
      src="https://one-punch.com/elKing.png"
    />
    <p
      class="textGif"
    >
      elKing
    </p>
  </div>
</div>
`;
